Command line invocation:
    /Applications/Xcode.app/Contents/Developer/usr/bin/xcodebuild test -scheme Money -destination "platform=iOS Simulator,name=iPhone 17" "-only-testing:MoneyTests/DashboardViewModelTests"

2026-01-22 23:48:05.046 xcodebuild[60930:915980] [MT] IDERunDestination: Supported platforms for the buildables in the current scheme is empty.
ComputePackagePrebuildTargetDependencyGraph

Prepare packages

CreateBuildRequest

SendProjectDescription

CreateBuildOperation

ComputeTargetDependencyGraph
note: Building targets in dependency order
note: Target dependency graph (4 targets)
    Target 'MoneyTests' in project 'Money'
        ➜ Explicit dependency on target 'Money' in project 'Money'
    Target 'MoneyUITests' in project 'Money'
        ➜ Explicit dependency on target 'Money' in project 'Money'
    Target 'Money' in project 'Money'
        ➜ Explicit dependency on target 'MoneyWidgetsExtension' in project 'Money'
    Target 'MoneyWidgetsExtension' in project 'Money' (no dependencies)

GatherProvisioningInputs

CreateBuildDescription

ExecuteExternalTool /Applications/Xcode.app/Contents/Developer/Toolchains/XcodeDefault.xctoolchain/usr/bin/clang -v -E -dM -isysroot /Applications/Xcode.app/Contents/Developer/Platforms/iPhoneSimulator.platform/Developer/SDKs/iPhoneSimulator26.2.sdk -x c -c /dev/null

ExecuteExternalTool /Applications/Xcode.app/Contents/Developer/usr/bin/actool --version --output-format xml1

ExecuteExternalTool /Applications/Xcode.app/Contents/Developer/Toolchains/XcodeDefault.xctoolchain/usr/bin/swiftc --version

ExecuteExternalTool /Applications/Xcode.app/Contents/Developer/usr/bin/actool --print-asset-tag-combinations --output-format xml1 /Users/victorsamir/Documents/Money/Money/Assets.xcassets

ExecuteExternalTool /Applications/Xcode.app/Contents/Developer/Toolchains/XcodeDefault.xctoolchain/usr/bin/ld -version_details

Build description signature: 7b9b1cca181dc4020878a0bf609b6d35
Build description path: /Users/victorsamir/Library/Developer/Xcode/DerivedData/Money-gejdruvrzmbeckhfjgdiljhvstqq/Build/Intermediates.noindex/XCBuildData/7b9b1cca181dc4020878a0bf609b6d35.xcbuilddata
ProcessProductPackaging /Users/victorsamir/Documents/Money/MoneyWidgetsExtension.entitlements /Users/victorsamir/Library/Developer/Xcode/DerivedData/Money-gejdruvrzmbeckhfjgdiljhvstqq/Build/Intermediates.noindex/Money.build/Debug-iphonesimulator/MoneyWidgetsExtension.build/MoneyWidgetsExtension.appex-Simulated.xcent (in target 'MoneyWidgetsExtension' from project 'Money')
    cd /Users/victorsamir/Documents/Money
    
    Entitlements:
    
    {
    "application-identifier" = "SNNV75LLA8.victor-samir.Money.MoneyWidgets";
    "com.apple.security.application-groups" =     (
        "group.victor-samir.Money"
    );
}
    
    builtin-productPackagingUtility /Users/victorsamir/Documents/Money/MoneyWidgetsExtension.entitlements -entitlements -format xml -o /Users/victorsamir/Library/Developer/Xcode/DerivedData/Money-gejdruvrzmbeckhfjgdiljhvstqq/Build/Intermediates.noindex/Money.build/Debug-iphonesimulator/MoneyWidgetsExtension.build/MoneyWidgetsExtension.appex-Simulated.xcent

ProcessProductPackagingDER /Users/victorsamir/Library/Developer/Xcode/DerivedData/Money-gejdruvrzmbeckhfjgdiljhvstqq/Build/Intermediates.noindex/Money.build/Debug-iphonesimulator/MoneyWidgetsExtension.build/MoneyWidgetsExtension.appex-Simulated.xcent /Users/victorsamir/Library/Developer/Xcode/DerivedData/Money-gejdruvrzmbeckhfjgdiljhvstqq/Build/Intermediates.noindex/Money.build/Debug-iphonesimulator/MoneyWidgetsExtension.build/MoneyWidgetsExtension.appex-Simulated.xcent.der (in target 'MoneyWidgetsExtension' from project 'Money')
    cd /Users/victorsamir/Documents/Money
    /usr/bin/derq query -f xml -i /Users/victorsamir/Library/Developer/Xcode/DerivedData/Money-gejdruvrzmbeckhfjgdiljhvstqq/Build/Intermediates.noindex/Money.build/Debug-iphonesimulator/MoneyWidgetsExtension.build/MoneyWidgetsExtension.appex-Simulated.xcent -o /Users/victorsamir/Library/Developer/Xcode/DerivedData/Money-gejdruvrzmbeckhfjgdiljhvstqq/Build/Intermediates.noindex/Money.build/Debug-iphonesimulator/MoneyWidgetsExtension.build/MoneyWidgetsExtension.appex-Simulated.xcent.der --raw

ProcessProductPackaging /Users/victorsamir/Documents/Money/MoneyWidgetsExtension.entitlements /Users/victorsamir/Library/Developer/Xcode/DerivedData/Money-gejdruvrzmbeckhfjgdiljhvstqq/Build/Intermediates.noindex/Money.build/Debug-iphonesimulator/MoneyWidgetsExtension.build/MoneyWidgetsExtension.appex.xcent (in target 'MoneyWidgetsExtension' from project 'Money')
    cd /Users/victorsamir/Documents/Money
    
    Entitlements:
    
    {
}
    
    builtin-productPackagingUtility /Users/victorsamir/Documents/Money/MoneyWidgetsExtension.entitlements -entitlements -format xml -o /Users/victorsamir/Library/Developer/Xcode/DerivedData/Money-gejdruvrzmbeckhfjgdiljhvstqq/Build/Intermediates.noindex/Money.build/Debug-iphonesimulator/MoneyWidgetsExtension.build/MoneyWidgetsExtension.appex.xcent

ProcessProductPackagingDER /Users/victorsamir/Library/Developer/Xcode/DerivedData/Money-gejdruvrzmbeckhfjgdiljhvstqq/Build/Intermediates.noindex/Money.build/Debug-iphonesimulator/MoneyWidgetsExtension.build/MoneyWidgetsExtension.appex.xcent /Users/victorsamir/Library/Developer/Xcode/DerivedData/Money-gejdruvrzmbeckhfjgdiljhvstqq/Build/Intermediates.noindex/Money.build/Debug-iphonesimulator/MoneyWidgetsExtension.build/MoneyWidgetsExtension.appex.xcent.der (in target 'MoneyWidgetsExtension' from project 'Money')
    cd /Users/victorsamir/Documents/Money
    /usr/bin/derq query -f xml -i /Users/victorsamir/Library/Developer/Xcode/DerivedData/Money-gejdruvrzmbeckhfjgdiljhvstqq/Build/Intermediates.noindex/Money.build/Debug-iphonesimulator/MoneyWidgetsExtension.build/MoneyWidgetsExtension.appex.xcent -o /Users/victorsamir/Library/Developer/Xcode/DerivedData/Money-gejdruvrzmbeckhfjgdiljhvstqq/Build/Intermediates.noindex/Money.build/Debug-iphonesimulator/MoneyWidgetsExtension.build/MoneyWidgetsExtension.appex.xcent.der --raw

ClangStatCache /Applications/Xcode.app/Contents/Developer/Toolchains/XcodeDefault.xctoolchain/usr/bin/clang-stat-cache /Applications/Xcode.app/Contents/Developer/Platforms/iPhoneSimulator.platform/Developer/SDKs/iPhoneSimulator26.2.sdk /Users/victorsamir/Library/Developer/Xcode/DerivedData/SDKStatCaches.noindex/iphonesimulator26.2-23C53-7d00a8b37fbd7999ea79df8ebc024bf0.sdkstatcache
    cd /Users/victorsamir/Documents/Money/Money.xcodeproj
    /Applications/Xcode.app/Contents/Developer/Toolchains/XcodeDefault.xctoolchain/usr/bin/clang-stat-cache /Applications/Xcode.app/Contents/Developer/Platforms/iPhoneSimulator.platform/Developer/SDKs/iPhoneSimulator26.2.sdk -o /Users/victorsamir/Library/Developer/Xcode/DerivedData/SDKStatCaches.noindex/iphonesimulator26.2-23C53-7d00a8b37fbd7999ea79df8ebc024bf0.sdkstatcache

Ld /Users/victorsamir/Library/Developer/Xcode/DerivedData/Money-gejdruvrzmbeckhfjgdiljhvstqq/Build/Products/Debug-iphonesimulator/MoneyWidgetsExtension.appex/MoneyWidgetsExtension.debug.dylib normal (in target 'MoneyWidgetsExtension' from project 'Money')
    cd /Users/victorsamir/Documents/Money
    /Applications/Xcode.app/Contents/Developer/Toolchains/XcodeDefault.xctoolchain/usr/bin/clang -Xlinker -reproducible -target arm64-apple-ios26.0-simulator -dynamiclib -isysroot /Applications/Xcode.app/Contents/Developer/Platforms/iPhoneSimulator.platform/Developer/SDKs/iPhoneSimulator26.2.sdk -O0 -L/Users/victorsamir/Library/Developer/Xcode/DerivedData/Money-gejdruvrzmbeckhfjgdiljhvstqq/Build/Intermediates.noindex/EagerLinkingTBDs/Debug-iphonesimulator -L/Users/victorsamir/Library/Developer/Xcode/DerivedData/Money-gejdruvrzmbeckhfjgdiljhvstqq/Build/Products/Debug-iphonesimulator -F/Users/victorsamir/Library/Developer/Xcode/DerivedData/Money-gejdruvrzmbeckhfjgdiljhvstqq/Build/Intermediates.noindex/EagerLinkingTBDs/Debug-iphonesimulator -F/Users/victorsamir/Library/Developer/Xcode/DerivedData/Money-gejdruvrzmbeckhfjgdiljhvstqq/Build/Products/Debug-iphonesimulator -filelist /Users/victorsamir/Library/Developer/Xcode/DerivedData/Money-gejdruvrzmbeckhfjgdiljhvstqq/Build/Intermediates.noindex/Money.build/Debug-iphonesimulator/MoneyWidgetsExtension.build/Objects-normal/arm64/MoneyWidgetsExtension.LinkFileList -install_name @rpath/MoneyWidgetsExtension.debug.dylib -Xlinker -rpath -Xlinker @executable_path/Frameworks -Xlinker -rpath -Xlinker @executable_path/../../Frameworks -dead_strip -Xlinker -object_path_lto -Xlinker /Users/victorsamir/Library/Developer/Xcode/DerivedData/Money-gejdruvrzmbeckhfjgdiljhvstqq/Build/Intermediates.noindex/Money.build/Debug-iphonesimulator/MoneyWidgetsExtension.build/Objects-normal/arm64/MoneyWidgetsExtension_lto.o -rdynamic -Xlinker -no_deduplicate -Xlinker -objc_abi_version -Xlinker 2 -Xlinker -debug_variant -Xlinker -dependency_info -Xlinker /Users/victorsamir/Library/Developer/Xcode/DerivedData/Money-gejdruvrzmbeckhfjgdiljhvstqq/Build/Intermediates.noindex/Money.build/Debug-iphonesimulator/MoneyWidgetsExtension.build/Objects-normal/arm64/MoneyWidgetsExtension_dependency_info.dat -fapplication-extension -fobjc-link-runtime -fprofile-instr-generate -L/Applications/Xcode.app/Contents/Developer/Toolchains/XcodeDefault.xctoolchain/usr/lib/swift/iphonesimulator -L/usr/lib/swift -Xlinker -add_ast_path -Xlinker /Users/victorsamir/Library/Developer/Xcode/DerivedData/Money-gejdruvrzmbeckhfjgdiljhvstqq/Build/Intermediates.noindex/Money.build/Debug-iphonesimulator/MoneyWidgetsExtension.build/Objects-normal/arm64/MoneyWidgetsExtension.swiftmodule @/Users/victorsamir/Library/Developer/Xcode/DerivedData/Money-gejdruvrzmbeckhfjgdiljhvstqq/Build/Intermediates.noindex/Money.build/Debug-iphonesimulator/MoneyWidgetsExtension.build/Objects-normal/arm64/MoneyWidgetsExtension-linker-args.resp -Xlinker -alias -Xlinker _NSExtensionMain -Xlinker ___debug_main_executable_dylib_entry_point -framework SwiftUI -framework WidgetKit -Xlinker -no_adhoc_codesign -o /Users/victorsamir/Library/Developer/Xcode/DerivedData/Money-gejdruvrzmbeckhfjgdiljhvstqq/Build/Products/Debug-iphonesimulator/MoneyWidgetsExtension.appex/MoneyWidgetsExtension.debug.dylib

ProcessProductPackaging /Users/victorsamir/Documents/Money/Money/Money.entitlements /Users/victorsamir/Library/Developer/Xcode/DerivedData/Money-gejdruvrzmbeckhfjgdiljhvstqq/Build/Intermediates.noindex/Money.build/Debug-iphonesimulator/Money.build/Money.app.xcent (in target 'Money' from project 'Money')
    cd /Users/victorsamir/Documents/Money
    
    Entitlements:
    
    {
}
    
    builtin-productPackagingUtility /Users/victorsamir/Documents/Money/Money/Money.entitlements -entitlements -format xml -o /Users/victorsamir/Library/Developer/Xcode/DerivedData/Money-gejdruvrzmbeckhfjgdiljhvstqq/Build/Intermediates.noindex/Money.build/Debug-iphonesimulator/Money.build/Money.app.xcent

ProcessProductPackaging /Users/victorsamir/Documents/Money/Money/Money.entitlements /Users/victorsamir/Library/Developer/Xcode/DerivedData/Money-gejdruvrzmbeckhfjgdiljhvstqq/Build/Intermediates.noindex/Money.build/Debug-iphonesimulator/Money.build/Money.app-Simulated.xcent (in target 'Money' from project 'Money')
    cd /Users/victorsamir/Documents/Money
    
    Entitlements:
    
    {
    "application-identifier" = "SNNV75LLA8.victor-samir.Money";
    "com.apple.security.application-groups" =     (
        "group.victor-samir.Money"
    );
}
    
    builtin-productPackagingUtility /Users/victorsamir/Documents/Money/Money/Money.entitlements -entitlements -format xml -o /Users/victorsamir/Library/Developer/Xcode/DerivedData/Money-gejdruvrzmbeckhfjgdiljhvstqq/Build/Intermediates.noindex/Money.build/Debug-iphonesimulator/Money.build/Money.app-Simulated.xcent

ProcessProductPackagingDER /Users/victorsamir/Library/Developer/Xcode/DerivedData/Money-gejdruvrzmbeckhfjgdiljhvstqq/Build/Intermediates.noindex/Money.build/Debug-iphonesimulator/Money.build/Money.app.xcent /Users/victorsamir/Library/Developer/Xcode/DerivedData/Money-gejdruvrzmbeckhfjgdiljhvstqq/Build/Intermediates.noindex/Money.build/Debug-iphonesimulator/Money.build/Money.app.xcent.der (in target 'Money' from project 'Money')
    cd /Users/victorsamir/Documents/Money
    /usr/bin/derq query -f xml -i /Users/victorsamir/Library/Developer/Xcode/DerivedData/Money-gejdruvrzmbeckhfjgdiljhvstqq/Build/Intermediates.noindex/Money.build/Debug-iphonesimulator/Money.build/Money.app.xcent -o /Users/victorsamir/Library/Developer/Xcode/DerivedData/Money-gejdruvrzmbeckhfjgdiljhvstqq/Build/Intermediates.noindex/Money.build/Debug-iphonesimulator/Money.build/Money.app.xcent.der --raw

ProcessInfoPlistFile /Users/victorsamir/Library/Developer/Xcode/DerivedData/Money-gejdruvrzmbeckhfjgdiljhvstqq/Build/Products/Debug-iphonesimulator/MoneyWidgetsExtension.appex/Info.plist /Users/victorsamir/Documents/Money/MoneyWidgets/Info.plist (in target 'MoneyWidgetsExtension' from project 'Money')
    cd /Users/victorsamir/Documents/Money
    builtin-infoPlistUtility /Users/victorsamir/Documents/Money/MoneyWidgets/Info.plist -producttype com.apple.product-type.app-extension -expandbuildsettings -format binary -platform iphonesimulator -additionalcontentfile /Users/victorsamir/Library/Developer/Xcode/DerivedData/Money-gejdruvrzmbeckhfjgdiljhvstqq/Build/Intermediates.noindex/Money.build/Debug-iphonesimulator/MoneyWidgetsExtension.build/assetcatalog_generated_info.plist -o /Users/victorsamir/Library/Developer/Xcode/DerivedData/Money-gejdruvrzmbeckhfjgdiljhvstqq/Build/Products/Debug-iphonesimulator/MoneyWidgetsExtension.appex/Info.plist

ProcessProductPackagingDER /Users/victorsamir/Library/Developer/Xcode/DerivedData/Money-gejdruvrzmbeckhfjgdiljhvstqq/Build/Intermediates.noindex/Money.build/Debug-iphonesimulator/Money.build/Money.app-Simulated.xcent /Users/victorsamir/Library/Developer/Xcode/DerivedData/Money-gejdruvrzmbeckhfjgdiljhvstqq/Build/Intermediates.noindex/Money.build/Debug-iphonesimulator/Money.build/Money.app-Simulated.xcent.der (in target 'Money' from project 'Money')
    cd /Users/victorsamir/Documents/Money
    /usr/bin/derq query -f xml -i /Users/victorsamir/Library/Developer/Xcode/DerivedData/Money-gejdruvrzmbeckhfjgdiljhvstqq/Build/Intermediates.noindex/Money.build/Debug-iphonesimulator/Money.build/Money.app-Simulated.xcent -o /Users/victorsamir/Library/Developer/Xcode/DerivedData/Money-gejdruvrzmbeckhfjgdiljhvstqq/Build/Intermediates.noindex/Money.build/Debug-iphonesimulator/Money.build/Money.app-Simulated.xcent.der --raw

ProcessProductPackaging "" /Users/victorsamir/Library/Developer/Xcode/DerivedData/Money-gejdruvrzmbeckhfjgdiljhvstqq/Build/Intermediates.noindex/Money.build/Debug-iphonesimulator/MoneyUITests.build/MoneyUITests.xctest-Simulated.xcent (in target 'MoneyUITests' from project 'Money')
    cd /Users/victorsamir/Documents/Money
    
    Entitlements:
    
    {
    "application-identifier" = "SNNV75LLA8.victor-samir.MoneyUITests.xctrunner";
    "keychain-access-groups" =     (
        "SNNV75LLA8.victor-samir.MoneyUITests.xctrunner"
    );
}
    
    builtin-productPackagingUtility -entitlements -format xml -o /Users/victorsamir/Library/Developer/Xcode/DerivedData/Money-gejdruvrzmbeckhfjgdiljhvstqq/Build/Intermediates.noindex/Money.build/Debug-iphonesimulator/MoneyUITests.build/MoneyUITests.xctest-Simulated.xcent

ProcessProductPackagingDER /Users/victorsamir/Library/Developer/Xcode/DerivedData/Money-gejdruvrzmbeckhfjgdiljhvstqq/Build/Intermediates.noindex/Money.build/Debug-iphonesimulator/MoneyUITests.build/MoneyUITests.xctest-Simulated.xcent /Users/victorsamir/Library/Developer/Xcode/DerivedData/Money-gejdruvrzmbeckhfjgdiljhvstqq/Build/Intermediates.noindex/Money.build/Debug-iphonesimulator/MoneyUITests.build/MoneyUITests.xctest-Simulated.xcent.der (in target 'MoneyUITests' from project 'Money')
    cd /Users/victorsamir/Documents/Money
    /usr/bin/derq query -f xml -i /Users/victorsamir/Library/Developer/Xcode/DerivedData/Money-gejdruvrzmbeckhfjgdiljhvstqq/Build/Intermediates.noindex/Money.build/Debug-iphonesimulator/MoneyUITests.build/MoneyUITests.xctest-Simulated.xcent -o /Users/victorsamir/Library/Developer/Xcode/DerivedData/Money-gejdruvrzmbeckhfjgdiljhvstqq/Build/Intermediates.noindex/Money.build/Debug-iphonesimulator/MoneyUITests.build/MoneyUITests.xctest-Simulated.xcent.der --raw

ConstructStubExecutorLinkFileList /Users/victorsamir/Library/Developer/Xcode/DerivedData/Money-gejdruvrzmbeckhfjgdiljhvstqq/Build/Intermediates.noindex/Money.build/Debug-iphonesimulator/MoneyWidgetsExtension.build/MoneyWidgetsExtension-ExecutorLinkFileList-normal-arm64.txt (in target 'MoneyWidgetsExtension' from project 'Money')
    cd /Users/victorsamir/Documents/Money
    construct-stub-executor-link-file-list /Users/victorsamir/Library/Developer/Xcode/DerivedData/Money-gejdruvrzmbeckhfjgdiljhvstqq/Build/Products/Debug-iphonesimulator/MoneyWidgetsExtension.appex/MoneyWidgetsExtension.debug.dylib /Applications/Xcode.app/Contents/Developer/Platforms/iPhoneSimulator.platform/Developer/usr/lib/libPreviewsJITStubExecutor_no_swift_entry_point.a /Applications/Xcode.app/Contents/Developer/Platforms/iPhoneSimulator.platform/Developer/usr/lib/libPreviewsJITStubExecutor.a --output /Users/victorsamir/Library/Developer/Xcode/DerivedData/Money-gejdruvrzmbeckhfjgdiljhvstqq/Build/Intermediates.noindex/Money.build/Debug-iphonesimulator/MoneyWidgetsExtension.build/MoneyWidgetsExtension-ExecutorLinkFileList-normal-arm64.txt
note: Using stub executor library with Swift entry point. (in target 'MoneyWidgetsExtension' from project 'Money')

Ld /Users/victorsamir/Library/Developer/Xcode/DerivedData/Money-gejdruvrzmbeckhfjgdiljhvstqq/Build/Products/Debug-iphonesimulator/MoneyWidgetsExtension.appex/MoneyWidgetsExtension normal (in target 'MoneyWidgetsExtension' from project 'Money')
    cd /Users/victorsamir/Documents/Money
    /Applications/Xcode.app/Contents/Developer/Toolchains/XcodeDefault.xctoolchain/usr/bin/clang -Xlinker -reproducible -target arm64-apple-ios26.0-simulator -isysroot /Applications/Xcode.app/Contents/Developer/Platforms/iPhoneSimulator.platform/Developer/SDKs/iPhoneSimulator26.2.sdk -O0 -L/Users/victorsamir/Library/Developer/Xcode/DerivedData/Money-gejdruvrzmbeckhfjgdiljhvstqq/Build/Products/Debug-iphonesimulator -F/Users/victorsamir/Library/Developer/Xcode/DerivedData/Money-gejdruvrzmbeckhfjgdiljhvstqq/Build/Products/Debug-iphonesimulator -Xlinker -rpath -Xlinker @executable_path -Xlinker -rpath -Xlinker @executable_path/Frameworks -Xlinker -rpath -Xlinker @executable_path/../../Frameworks -rdynamic -Xlinker -no_deduplicate -Xlinker -objc_abi_version -Xlinker 2 -Xlinker -debug_variant -e ___debug_blank_executor_main -Xlinker -sectcreate -Xlinker __TEXT -Xlinker __debug_dylib -Xlinker /Users/victorsamir/Library/Developer/Xcode/DerivedData/Money-gejdruvrzmbeckhfjgdiljhvstqq/Build/Intermediates.noindex/Money.build/Debug-iphonesimulator/MoneyWidgetsExtension.build/MoneyWidgetsExtension-DebugDylibPath-normal-arm64.txt -Xlinker -sectcreate -Xlinker __TEXT -Xlinker __debug_entry -Xlinker /Users/victorsamir/Library/Developer/Xcode/DerivedData/Money-gejdruvrzmbeckhfjgdiljhvstqq/Build/Intermediates.noindex/Money.build/Debug-iphonesimulator/MoneyWidgetsExtension.build/MoneyWidgetsExtension-DebugEntryPoint-normal-arm64.txt -Xlinker -sectcreate -Xlinker __TEXT -Xlinker __debug_instlnm -Xlinker /Users/victorsamir/Library/Developer/Xcode/DerivedData/Money-gejdruvrzmbeckhfjgdiljhvstqq/Build/Intermediates.noindex/Money.build/Debug-iphonesimulator/MoneyWidgetsExtension.build/MoneyWidgetsExtension-DebugDylibInstallName-normal-arm64.txt -Xlinker -filelist -Xlinker /Users/victorsamir/Library/Developer/Xcode/DerivedData/Money-gejdruvrzmbeckhfjgdiljhvstqq/Build/Intermediates.noindex/Money.build/Debug-iphonesimulator/MoneyWidgetsExtension.build/MoneyWidgetsExtension-ExecutorLinkFileList-normal-arm64.txt -Xlinker -sectcreate -Xlinker __TEXT -Xlinker __entitlements -Xlinker /Users/victorsamir/Library/Developer/Xcode/DerivedData/Money-gejdruvrzmbeckhfjgdiljhvstqq/Build/Intermediates.noindex/Money.build/Debug-iphonesimulator/MoneyWidgetsExtension.build/MoneyWidgetsExtension.appex-Simulated.xcent -Xlinker -sectcreate -Xlinker __TEXT -Xlinker __ents_der -Xlinker /Users/victorsamir/Library/Developer/Xcode/DerivedData/Money-gejdruvrzmbeckhfjgdiljhvstqq/Build/Intermediates.noindex/Money.build/Debug-iphonesimulator/MoneyWidgetsExtension.build/MoneyWidgetsExtension.appex-Simulated.xcent.der /Users/victorsamir/Library/Developer/Xcode/DerivedData/Money-gejdruvrzmbeckhfjgdiljhvstqq/Build/Products/Debug-iphonesimulator/MoneyWidgetsExtension.appex/MoneyWidgetsExtension.debug.dylib -Xlinker -no_adhoc_codesign -o /Users/victorsamir/Library/Developer/Xcode/DerivedData/Money-gejdruvrzmbeckhfjgdiljhvstqq/Build/Products/Debug-iphonesimulator/MoneyWidgetsExtension.appex/MoneyWidgetsExtension

ExtractAppIntentsMetadata (in target 'MoneyWidgetsExtension' from project 'Money')
    cd /Users/victorsamir/Documents/Money
    /Applications/Xcode.app/Contents/Developer/Toolchains/XcodeDefault.xctoolchain/usr/bin/appintentsmetadataprocessor --toolchain-dir /Applications/Xcode.app/Contents/Developer/Toolchains/XcodeDefault.xctoolchain --module-name MoneyWidgetsExtension --sdk-root /Applications/Xcode.app/Contents/Developer/Platforms/iPhoneSimulator.platform/Developer/SDKs/iPhoneSimulator26.2.sdk --xcode-version 17C52 --platform-family iOS --deployment-target 26.0 --bundle-identifier victor-samir.Money.MoneyWidgets --output /Users/victorsamir/Library/Developer/Xcode/DerivedData/Money-gejdruvrzmbeckhfjgdiljhvstqq/Build/Products/Debug-iphonesimulator/MoneyWidgetsExtension.appex --target-triple arm64-apple-ios26.0-simulator --binary-file /Users/victorsamir/Library/Developer/Xcode/DerivedData/Money-gejdruvrzmbeckhfjgdiljhvstqq/Build/Products/Debug-iphonesimulator/MoneyWidgetsExtension.appex/MoneyWidgetsExtension --dependency-file /Users/victorsamir/Library/Developer/Xcode/DerivedData/Money-gejdruvrzmbeckhfjgdiljhvstqq/Build/Intermediates.noindex/Money.build/Debug-iphonesimulator/MoneyWidgetsExtension.build/Objects-normal/arm64/MoneyWidgetsExtension_dependency_info.dat --stringsdata-file /Users/victorsamir/Library/Developer/Xcode/DerivedData/Money-gejdruvrzmbeckhfjgdiljhvstqq/Build/Intermediates.noindex/Money.build/Debug-iphonesimulator/MoneyWidgetsExtension.build/Objects-normal/arm64/ExtractedAppShortcutsMetadata.stringsdata --source-file-list /Users/victorsamir/Library/Developer/Xcode/DerivedData/Money-gejdruvrzmbeckhfjgdiljhvstqq/Build/Intermediates.noindex/Money.build/Debug-iphonesimulator/MoneyWidgetsExtension.build/Objects-normal/arm64/MoneyWidgetsExtension.SwiftFileList --metadata-file-list /Users/victorsamir/Library/Developer/Xcode/DerivedData/Money-gejdruvrzmbeckhfjgdiljhvstqq/Build/Intermediates.noindex/Money.build/Debug-iphonesimulator/MoneyWidgetsExtension.build/MoneyWidgetsExtension.DependencyMetadataFileList --static-metadata-file-list /Users/victorsamir/Library/Developer/Xcode/DerivedData/Money-gejdruvrzmbeckhfjgdiljhvstqq/Build/Intermediates.noindex/Money.build/Debug-iphonesimulator/MoneyWidgetsExtension.build/MoneyWidgetsExtension.DependencyStaticMetadataFileList --swift-const-vals-list /Users/victorsamir/Library/Developer/Xcode/DerivedData/Money-gejdruvrzmbeckhfjgdiljhvstqq/Build/Intermediates.noindex/Money.build/Debug-iphonesimulator/MoneyWidgetsExtension.build/Objects-normal/arm64/MoneyWidgetsExtension.SwiftConstValuesFileList --compile-time-extraction --deployment-aware-processing --validate-assistant-intents --no-app-shortcuts-localization
2026-01-22 23:48:06.088 appintentsmetadataprocessor[60951:916153] Starting appintentsmetadataprocessor export
2026-01-22 23:48:06.153 appintentsmetadataprocessor[60951:916153] Writing Metadata.appintents
2026-01-22 23:48:06.153 appintentsmetadataprocessor[60951:916153] Metadata root: /Users/victorsamir/Library/Developer/Xcode/DerivedData/Money-gejdruvrzmbeckhfjgdiljhvstqq/Build/Products/Debug-iphonesimulator/MoneyWidgetsExtension.appex/Metadata.appintents

CodeSign /Users/victorsamir/Library/Developer/Xcode/DerivedData/Money-gejdruvrzmbeckhfjgdiljhvstqq/Build/Products/Debug-iphonesimulator/MoneyWidgetsExtension.appex/MoneyWidgetsExtension.debug.dylib (in target 'MoneyWidgetsExtension' from project 'Money')
    cd /Users/victorsamir/Documents/Money
    
    Signing Identity:     "Sign to Run Locally"
    
    /usr/bin/codesign --force --sign - --timestamp\=none --generate-entitlement-der /Users/victorsamir/Library/Developer/Xcode/DerivedData/Money-gejdruvrzmbeckhfjgdiljhvstqq/Build/Products/Debug-iphonesimulator/MoneyWidgetsExtension.appex/MoneyWidgetsExtension.debug.dylib

CodeSign /Users/victorsamir/Library/Developer/Xcode/DerivedData/Money-gejdruvrzmbeckhfjgdiljhvstqq/Build/Products/Debug-iphonesimulator/MoneyWidgetsExtension.appex (in target 'MoneyWidgetsExtension' from project 'Money')
    cd /Users/victorsamir/Documents/Money
    
    Signing Identity:     "Sign to Run Locally"
    
    /usr/bin/codesign --force --sign - --entitlements /Users/victorsamir/Library/Developer/Xcode/DerivedData/Money-gejdruvrzmbeckhfjgdiljhvstqq/Build/Intermediates.noindex/Money.build/Debug-iphonesimulator/MoneyWidgetsExtension.build/MoneyWidgetsExtension.appex.xcent --timestamp\=none --generate-entitlement-der /Users/victorsamir/Library/Developer/Xcode/DerivedData/Money-gejdruvrzmbeckhfjgdiljhvstqq/Build/Products/Debug-iphonesimulator/MoneyWidgetsExtension.appex

Ld /Users/victorsamir/Library/Developer/Xcode/DerivedData/Money-gejdruvrzmbeckhfjgdiljhvstqq/Build/Products/Debug-iphonesimulator/Money.app/Money.debug.dylib normal (in target 'Money' from project 'Money')
    cd /Users/victorsamir/Documents/Money
    /Applications/Xcode.app/Contents/Developer/Toolchains/XcodeDefault.xctoolchain/usr/bin/clang -Xlinker -reproducible -target arm64-apple-ios26.0-simulator -dynamiclib -isysroot /Applications/Xcode.app/Contents/Developer/Platforms/iPhoneSimulator.platform/Developer/SDKs/iPhoneSimulator26.2.sdk -O0 -L/Users/victorsamir/Library/Developer/Xcode/DerivedData/Money-gejdruvrzmbeckhfjgdiljhvstqq/Build/Intermediates.noindex/EagerLinkingTBDs/Debug-iphonesimulator -L/Users/victorsamir/Library/Developer/Xcode/DerivedData/Money-gejdruvrzmbeckhfjgdiljhvstqq/Build/Products/Debug-iphonesimulator -F/Users/victorsamir/Library/Developer/Xcode/DerivedData/Money-gejdruvrzmbeckhfjgdiljhvstqq/Build/Intermediates.noindex/EagerLinkingTBDs/Debug-iphonesimulator -F/Users/victorsamir/Library/Developer/Xcode/DerivedData/Money-gejdruvrzmbeckhfjgdiljhvstqq/Build/Products/Debug-iphonesimulator -filelist /Users/victorsamir/Library/Developer/Xcode/DerivedData/Money-gejdruvrzmbeckhfjgdiljhvstqq/Build/Intermediates.noindex/Money.build/Debug-iphonesimulator/Money.build/Objects-normal/arm64/Money.LinkFileList -install_name @rpath/Money.debug.dylib -Xlinker -rpath -Xlinker @executable_path/Frameworks -dead_strip -Xlinker -object_path_lto -Xlinker /Users/victorsamir/Library/Developer/Xcode/DerivedData/Money-gejdruvrzmbeckhfjgdiljhvstqq/Build/Intermediates.noindex/Money.build/Debug-iphonesimulator/Money.build/Objects-normal/arm64/Money_lto.o -rdynamic -Xlinker -no_deduplicate -Xlinker -objc_abi_version -Xlinker 2 -Xlinker -debug_variant -Xlinker -dependency_info -Xlinker /Users/victorsamir/Library/Developer/Xcode/DerivedData/Money-gejdruvrzmbeckhfjgdiljhvstqq/Build/Intermediates.noindex/Money.build/Debug-iphonesimulator/Money.build/Objects-normal/arm64/Money_dependency_info.dat -fobjc-link-runtime -fprofile-instr-generate -L/Applications/Xcode.app/Contents/Developer/Toolchains/XcodeDefault.xctoolchain/usr/lib/swift/iphonesimulator -L/usr/lib/swift -Xlinker -add_ast_path -Xlinker /Users/victorsamir/Library/Developer/Xcode/DerivedData/Money-gejdruvrzmbeckhfjgdiljhvstqq/Build/Intermediates.noindex/Money.build/Debug-iphonesimulator/Money.build/Objects-normal/arm64/Money.swiftmodule @/Users/victorsamir/Library/Developer/Xcode/DerivedData/Money-gejdruvrzmbeckhfjgdiljhvstqq/Build/Intermediates.noindex/Money.build/Debug-iphonesimulator/Money.build/Objects-normal/arm64/Money-linker-args.resp -Xlinker -alias -Xlinker _main -Xlinker ___debug_main_executable_dylib_entry_point -Xlinker -no_adhoc_codesign -o /Users/victorsamir/Library/Developer/Xcode/DerivedData/Money-gejdruvrzmbeckhfjgdiljhvstqq/Build/Products/Debug-iphonesimulator/Money.app/Money.debug.dylib

ConstructStubExecutorLinkFileList /Users/victorsamir/Library/Developer/Xcode/DerivedData/Money-gejdruvrzmbeckhfjgdiljhvstqq/Build/Intermediates.noindex/Money.build/Debug-iphonesimulator/Money.build/Money-ExecutorLinkFileList-normal-arm64.txt (in target 'Money' from project 'Money')
    cd /Users/victorsamir/Documents/Money
    construct-stub-executor-link-file-list /Users/victorsamir/Library/Developer/Xcode/DerivedData/Money-gejdruvrzmbeckhfjgdiljhvstqq/Build/Products/Debug-iphonesimulator/Money.app/Money.debug.dylib /Applications/Xcode.app/Contents/Developer/Platforms/iPhoneSimulator.platform/Developer/usr/lib/libPreviewsJITStubExecutor_no_swift_entry_point.a /Applications/Xcode.app/Contents/Developer/Platforms/iPhoneSimulator.platform/Developer/usr/lib/libPreviewsJITStubExecutor.a --output /Users/victorsamir/Library/Developer/Xcode/DerivedData/Money-gejdruvrzmbeckhfjgdiljhvstqq/Build/Intermediates.noindex/Money.build/Debug-iphonesimulator/Money.build/Money-ExecutorLinkFileList-normal-arm64.txt
note: Using stub executor library with Swift entry point. (in target 'Money' from project 'Money')

Ld /Users/victorsamir/Library/Developer/Xcode/DerivedData/Money-gejdruvrzmbeckhfjgdiljhvstqq/Build/Products/Debug-iphonesimulator/Money.app/Money normal (in target 'Money' from project 'Money')
    cd /Users/victorsamir/Documents/Money
    /Applications/Xcode.app/Contents/Developer/Toolchains/XcodeDefault.xctoolchain/usr/bin/clang -Xlinker -reproducible -target arm64-apple-ios26.0-simulator -isysroot /Applications/Xcode.app/Contents/Developer/Platforms/iPhoneSimulator.platform/Developer/SDKs/iPhoneSimulator26.2.sdk -O0 -L/Users/victorsamir/Library/Developer/Xcode/DerivedData/Money-gejdruvrzmbeckhfjgdiljhvstqq/Build/Products/Debug-iphonesimulator -F/Users/victorsamir/Library/Developer/Xcode/DerivedData/Money-gejdruvrzmbeckhfjgdiljhvstqq/Build/Products/Debug-iphonesimulator -Xlinker -rpath -Xlinker @executable_path -Xlinker -rpath -Xlinker @executable_path/Frameworks -rdynamic -Xlinker -no_deduplicate -Xlinker -objc_abi_version -Xlinker 2 -Xlinker -debug_variant -e ___debug_blank_executor_main -Xlinker -sectcreate -Xlinker __TEXT -Xlinker __debug_dylib -Xlinker /Users/victorsamir/Library/Developer/Xcode/DerivedData/Money-gejdruvrzmbeckhfjgdiljhvstqq/Build/Intermediates.noindex/Money.build/Debug-iphonesimulator/Money.build/Money-DebugDylibPath-normal-arm64.txt -Xlinker -sectcreate -Xlinker __TEXT -Xlinker __debug_instlnm -Xlinker /Users/victorsamir/Library/Developer/Xcode/DerivedData/Money-gejdruvrzmbeckhfjgdiljhvstqq/Build/Intermediates.noindex/Money.build/Debug-iphonesimulator/Money.build/Money-DebugDylibInstallName-normal-arm64.txt -Xlinker -filelist -Xlinker /Users/victorsamir/Library/Developer/Xcode/DerivedData/Money-gejdruvrzmbeckhfjgdiljhvstqq/Build/Intermediates.noindex/Money.build/Debug-iphonesimulator/Money.build/Money-ExecutorLinkFileList-normal-arm64.txt -Xlinker -sectcreate -Xlinker __TEXT -Xlinker __entitlements -Xlinker /Users/victorsamir/Library/Developer/Xcode/DerivedData/Money-gejdruvrzmbeckhfjgdiljhvstqq/Build/Intermediates.noindex/Money.build/Debug-iphonesimulator/Money.build/Money.app-Simulated.xcent -Xlinker -sectcreate -Xlinker __TEXT -Xlinker __ents_der -Xlinker /Users/victorsamir/Library/Developer/Xcode/DerivedData/Money-gejdruvrzmbeckhfjgdiljhvstqq/Build/Intermediates.noindex/Money.build/Debug-iphonesimulator/Money.build/Money.app-Simulated.xcent.der /Users/victorsamir/Library/Developer/Xcode/DerivedData/Money-gejdruvrzmbeckhfjgdiljhvstqq/Build/Products/Debug-iphonesimulator/Money.app/Money.debug.dylib -Xlinker -no_adhoc_codesign -o /Users/victorsamir/Library/Developer/Xcode/DerivedData/Money-gejdruvrzmbeckhfjgdiljhvstqq/Build/Products/Debug-iphonesimulator/Money.app/Money

Copy /Users/victorsamir/Library/Developer/Xcode/DerivedData/Money-gejdruvrzmbeckhfjgdiljhvstqq/Build/Products/Debug-iphonesimulator/Money.app/PlugIns/MoneyWidgetsExtension.appex /Users/victorsamir/Library/Developer/Xcode/DerivedData/Money-gejdruvrzmbeckhfjgdiljhvstqq/Build/Products/Debug-iphonesimulator/MoneyWidgetsExtension.appex (in target 'Money' from project 'Money')
    cd /Users/victorsamir/Documents/Money
    builtin-copy -exclude .DS_Store -exclude CVS -exclude .svn -exclude .git -exclude .hg -exclude Headers -exclude PrivateHeaders -exclude Modules -exclude \*.tbd -resolve-src-symlinks -remove-static-executable /Users/victorsamir/Library/Developer/Xcode/DerivedData/Money-gejdruvrzmbeckhfjgdiljhvstqq/Build/Products/Debug-iphonesimulator/MoneyWidgetsExtension.appex /Users/victorsamir/Library/Developer/Xcode/DerivedData/Money-gejdruvrzmbeckhfjgdiljhvstqq/Build/Products/Debug-iphonesimulator/Money.app/PlugIns

ProcessInfoPlistFile /Users/victorsamir/Library/Developer/Xcode/DerivedData/Money-gejdruvrzmbeckhfjgdiljhvstqq/Build/Products/Debug-iphonesimulator/Money.app/Info.plist /Users/victorsamir/Library/Developer/Xcode/DerivedData/Money-gejdruvrzmbeckhfjgdiljhvstqq/Build/Intermediates.noindex/Money.build/Debug-iphonesimulator/Money.build/empty-Money.plist (in target 'Money' from project 'Money')
    cd /Users/victorsamir/Documents/Money
    builtin-infoPlistUtility /Users/victorsamir/Library/Developer/Xcode/DerivedData/Money-gejdruvrzmbeckhfjgdiljhvstqq/Build/Intermediates.noindex/Money.build/Debug-iphonesimulator/Money.build/empty-Money.plist -producttype com.apple.product-type.application -genpkginfo /Users/victorsamir/Library/Developer/Xcode/DerivedData/Money-gejdruvrzmbeckhfjgdiljhvstqq/Build/Products/Debug-iphonesimulator/Money.app/PkgInfo -expandbuildsettings -format binary -platform iphonesimulator -additionalcontentfile /Users/victorsamir/Library/Developer/Xcode/DerivedData/Money-gejdruvrzmbeckhfjgdiljhvstqq/Build/Intermediates.noindex/Money.build/Debug-iphonesimulator/Money.build/assetcatalog_generated_info.plist -scanforprivacyfile /Users/victorsamir/Library/Developer/Xcode/DerivedData/Money-gejdruvrzmbeckhfjgdiljhvstqq/Build/Products/Debug-iphonesimulator/Money.app/PlugIns/MoneyWidgetsExtension.appex -o /Users/victorsamir/Library/Developer/Xcode/DerivedData/Money-gejdruvrzmbeckhfjgdiljhvstqq/Build/Products/Debug-iphonesimulator/Money.app/Info.plist

CopySwiftLibs /Users/victorsamir/Library/Developer/Xcode/DerivedData/Money-gejdruvrzmbeckhfjgdiljhvstqq/Build/Products/Debug-iphonesimulator/Money.app (in target 'Money' from project 'Money')
    cd /Users/victorsamir/Documents/Money
    builtin-swiftStdLibTool --copy --verbose --sign - --scan-executable /Users/victorsamir/Library/Developer/Xcode/DerivedData/Money-gejdruvrzmbeckhfjgdiljhvstqq/Build/Products/Debug-iphonesimulator/Money.app/Money.debug.dylib --scan-folder /Users/victorsamir/Library/Developer/Xcode/DerivedData/Money-gejdruvrzmbeckhfjgdiljhvstqq/Build/Products/Debug-iphonesimulator/Money.app/Frameworks --scan-folder /Users/victorsamir/Library/Developer/Xcode/DerivedData/Money-gejdruvrzmbeckhfjgdiljhvstqq/Build/Products/Debug-iphonesimulator/Money.app/PlugIns --scan-folder /Users/victorsamir/Library/Developer/Xcode/DerivedData/Money-gejdruvrzmbeckhfjgdiljhvstqq/Build/Products/Debug-iphonesimulator/Money.app/SystemExtensions --scan-folder /Users/victorsamir/Library/Developer/Xcode/DerivedData/Money-gejdruvrzmbeckhfjgdiljhvstqq/Build/Products/Debug-iphonesimulator/Money.app/Extensions --platform iphonesimulator --toolchain /Applications/Xcode.app/Contents/Developer/Toolchains/XcodeDefault.xctoolchain --destination /Users/victorsamir/Library/Developer/Xcode/DerivedData/Money-gejdruvrzmbeckhfjgdiljhvstqq/Build/Products/Debug-iphonesimulator/Money.app/Frameworks --strip-bitcode --strip-bitcode-tool /Applications/Xcode.app/Contents/Developer/Toolchains/XcodeDefault.xctoolchain/usr/bin/bitcode_strip --emit-dependency-info /Users/victorsamir/Library/Developer/Xcode/DerivedData/Money-gejdruvrzmbeckhfjgdiljhvstqq/Build/Intermediates.noindex/Money.build/Debug-iphonesimulator/Money.build/SwiftStdLibToolInputDependencies.dep --filter-for-swift-os

ExtractAppIntentsMetadata (in target 'Money' from project 'Money')
    cd /Users/victorsamir/Documents/Money
    /Applications/Xcode.app/Contents/Developer/Toolchains/XcodeDefault.xctoolchain/usr/bin/appintentsmetadataprocessor --toolchain-dir /Applications/Xcode.app/Contents/Developer/Toolchains/XcodeDefault.xctoolchain --module-name Money --sdk-root /Applications/Xcode.app/Contents/Developer/Platforms/iPhoneSimulator.platform/Developer/SDKs/iPhoneSimulator26.2.sdk --xcode-version 17C52 --platform-family iOS --deployment-target 26.0 --bundle-identifier victor-samir.Money --output /Users/victorsamir/Library/Developer/Xcode/DerivedData/Money-gejdruvrzmbeckhfjgdiljhvstqq/Build/Products/Debug-iphonesimulator/Money.app --target-triple arm64-apple-ios26.0-simulator --binary-file /Users/victorsamir/Library/Developer/Xcode/DerivedData/Money-gejdruvrzmbeckhfjgdiljhvstqq/Build/Products/Debug-iphonesimulator/Money.app/Money --dependency-file /Users/victorsamir/Library/Developer/Xcode/DerivedData/Money-gejdruvrzmbeckhfjgdiljhvstqq/Build/Intermediates.noindex/Money.build/Debug-iphonesimulator/Money.build/Objects-normal/arm64/Money_dependency_info.dat --stringsdata-file /Users/victorsamir/Library/Developer/Xcode/DerivedData/Money-gejdruvrzmbeckhfjgdiljhvstqq/Build/Intermediates.noindex/Money.build/Debug-iphonesimulator/Money.build/Objects-normal/arm64/ExtractedAppShortcutsMetadata.stringsdata --source-file-list /Users/victorsamir/Library/Developer/Xcode/DerivedData/Money-gejdruvrzmbeckhfjgdiljhvstqq/Build/Intermediates.noindex/Money.build/Debug-iphonesimulator/Money.build/Objects-normal/arm64/Money.SwiftFileList --metadata-file-list /Users/victorsamir/Library/Developer/Xcode/DerivedData/Money-gejdruvrzmbeckhfjgdiljhvstqq/Build/Intermediates.noindex/Money.build/Debug-iphonesimulator/Money.build/Money.DependencyMetadataFileList --static-metadata-file-list /Users/victorsamir/Library/Developer/Xcode/DerivedData/Money-gejdruvrzmbeckhfjgdiljhvstqq/Build/Intermediates.noindex/Money.build/Debug-iphonesimulator/Money.build/Money.DependencyStaticMetadataFileList --swift-const-vals-list /Users/victorsamir/Library/Developer/Xcode/DerivedData/Money-gejdruvrzmbeckhfjgdiljhvstqq/Build/Intermediates.noindex/Money.build/Debug-iphonesimulator/Money.build/Objects-normal/arm64/Money.SwiftConstValuesFileList --compile-time-extraction --deployment-aware-processing --validate-assistant-intents --no-app-shortcuts-localization
2026-01-22 23:48:06.395 appintentsmetadataprocessor[60958:916211] Starting appintentsmetadataprocessor export
2026-01-22 23:48:06.465 appintentsmetadataprocessor[60958:916211] Writing Metadata.appintents
2026-01-22 23:48:06.465 appintentsmetadataprocessor[60958:916211] Metadata root: /Users/victorsamir/Library/Developer/Xcode/DerivedData/Money-gejdruvrzmbeckhfjgdiljhvstqq/Build/Products/Debug-iphonesimulator/Money.app/Metadata.appintents

ProcessInfoPlistFile /Users/victorsamir/Library/Developer/Xcode/DerivedData/Money-gejdruvrzmbeckhfjgdiljhvstqq/Build/Products/Debug-iphonesimulator/Money.app/PlugIns/MoneyTests.xctest/Info.plist /Users/victorsamir/Library/Developer/Xcode/DerivedData/Money-gejdruvrzmbeckhfjgdiljhvstqq/Build/Intermediates.noindex/Money.build/Debug-iphonesimulator/MoneyTests.build/empty-MoneyTests.plist (in target 'MoneyTests' from project 'Money')
    cd /Users/victorsamir/Documents/Money
    builtin-infoPlistUtility /Users/victorsamir/Library/Developer/Xcode/DerivedData/Money-gejdruvrzmbeckhfjgdiljhvstqq/Build/Intermediates.noindex/Money.build/Debug-iphonesimulator/MoneyTests.build/empty-MoneyTests.plist -producttype com.apple.product-type.bundle.unit-test -expandbuildsettings -format binary -platform iphonesimulator -o /Users/victorsamir/Library/Developer/Xcode/DerivedData/Money-gejdruvrzmbeckhfjgdiljhvstqq/Build/Products/Debug-iphonesimulator/Money.app/PlugIns/MoneyTests.xctest/Info.plist

Ld /Users/victorsamir/Library/Developer/Xcode/DerivedData/Money-gejdruvrzmbeckhfjgdiljhvstqq/Build/Products/Debug-iphonesimulator/Money.app/PlugIns/MoneyTests.xctest/MoneyTests normal (in target 'MoneyTests' from project 'Money')
    cd /Users/victorsamir/Documents/Money
    /Applications/Xcode.app/Contents/Developer/Toolchains/XcodeDefault.xctoolchain/usr/bin/clang -Xlinker -reproducible -target arm64-apple-ios26.0-simulator -bundle -isysroot /Applications/Xcode.app/Contents/Developer/Platforms/iPhoneSimulator.platform/Developer/SDKs/iPhoneSimulator26.2.sdk -O0 -L/Users/victorsamir/Library/Developer/Xcode/DerivedData/Money-gejdruvrzmbeckhfjgdiljhvstqq/Build/Intermediates.noindex/EagerLinkingTBDs/Debug-iphonesimulator -L/Users/victorsamir/Library/Developer/Xcode/DerivedData/Money-gejdruvrzmbeckhfjgdiljhvstqq/Build/Products/Debug-iphonesimulator -L/Applications/Xcode.app/Contents/Developer/Platforms/iPhoneSimulator.platform/Developer/usr/lib -F/Users/victorsamir/Library/Developer/Xcode/DerivedData/Money-gejdruvrzmbeckhfjgdiljhvstqq/Build/Intermediates.noindex/EagerLinkingTBDs/Debug-iphonesimulator -F/Users/victorsamir/Library/Developer/Xcode/DerivedData/Money-gejdruvrzmbeckhfjgdiljhvstqq/Build/Products/Debug-iphonesimulator -iframework /Applications/Xcode.app/Contents/Developer/Platforms/iPhoneSimulator.platform/Developer/Library/Frameworks -iframework /Applications/Xcode.app/Contents/Developer/Platforms/iPhoneSimulator.platform/Developer/SDKs/iPhoneSimulator26.2.sdk/Developer/Library/Frameworks -filelist /Users/victorsamir/Library/Developer/Xcode/DerivedData/Money-gejdruvrzmbeckhfjgdiljhvstqq/Build/Intermediates.noindex/Money.build/Debug-iphonesimulator/MoneyTests.build/Objects-normal/arm64/MoneyTests.LinkFileList -Xlinker -rpath -Xlinker @loader_path/Frameworks -Xlinker -rpath -Xlinker @executable_path/Frameworks -dead_strip -bundle_loader /Users/victorsamir/Library/Developer/Xcode/DerivedData/Money-gejdruvrzmbeckhfjgdiljhvstqq/Build/Products/Debug-iphonesimulator/Money.app/Money -Xlinker -object_path_lto -Xlinker /Users/victorsamir/Library/Developer/Xcode/DerivedData/Money-gejdruvrzmbeckhfjgdiljhvstqq/Build/Intermediates.noindex/Money.build/Debug-iphonesimulator/MoneyTests.build/Objects-normal/arm64/MoneyTests_lto.o -rdynamic -Xlinker -no_deduplicate -Xlinker -objc_abi_version -Xlinker 2 -Xlinker -debug_variant -Xlinker -dependency_info -Xlinker /Users/victorsamir/Library/Developer/Xcode/DerivedData/Money-gejdruvrzmbeckhfjgdiljhvstqq/Build/Intermediates.noindex/Money.build/Debug-iphonesimulator/MoneyTests.build/Objects-normal/arm64/MoneyTests_dependency_info.dat -fobjc-link-runtime -fprofile-instr-generate -L/Applications/Xcode.app/Contents/Developer/Toolchains/XcodeDefault.xctoolchain/usr/lib/swift/iphonesimulator -L/usr/lib/swift -Xlinker -add_ast_path -Xlinker /Users/victorsamir/Library/Developer/Xcode/DerivedData/Money-gejdruvrzmbeckhfjgdiljhvstqq/Build/Intermediates.noindex/Money.build/Debug-iphonesimulator/MoneyTests.build/Objects-normal/arm64/MoneyTests.swiftmodule @/Users/victorsamir/Library/Developer/Xcode/DerivedData/Money-gejdruvrzmbeckhfjgdiljhvstqq/Build/Intermediates.noindex/Money.build/Debug-iphonesimulator/MoneyTests.build/Objects-normal/arm64/MoneyTests-linker-args.resp -Xlinker -needed_framework -Xlinker XCTest -framework XCTest -Xlinker -needed-lXCTestSwiftSupport -lXCTestSwiftSupport /Users/victorsamir/Library/Developer/Xcode/DerivedData/Money-gejdruvrzmbeckhfjgdiljhvstqq/Build/Products/Debug-iphonesimulator/Money.app/Money.debug.dylib -Xlinker -no_adhoc_codesign -o /Users/victorsamir/Library/Developer/Xcode/DerivedData/Money-gejdruvrzmbeckhfjgdiljhvstqq/Build/Products/Debug-iphonesimulator/Money.app/PlugIns/MoneyTests.xctest/MoneyTests

CopySwiftLibs /Users/victorsamir/Library/Developer/Xcode/DerivedData/Money-gejdruvrzmbeckhfjgdiljhvstqq/Build/Products/Debug-iphonesimulator/Money.app/PlugIns/MoneyTests.xctest (in target 'MoneyTests' from project 'Money')
    cd /Users/victorsamir/Documents/Money
    builtin-swiftStdLibTool --copy --verbose --sign - --scan-executable /Users/victorsamir/Library/Developer/Xcode/DerivedData/Money-gejdruvrzmbeckhfjgdiljhvstqq/Build/Products/Debug-iphonesimulator/Money.app/PlugIns/MoneyTests.xctest/MoneyTests --scan-folder /Users/victorsamir/Library/Developer/Xcode/DerivedData/Money-gejdruvrzmbeckhfjgdiljhvstqq/Build/Products/Debug-iphonesimulator/Money.app/PlugIns/MoneyTests.xctest/Frameworks --scan-folder /Users/victorsamir/Library/Developer/Xcode/DerivedData/Money-gejdruvrzmbeckhfjgdiljhvstqq/Build/Products/Debug-iphonesimulator/Money.app/PlugIns/MoneyTests.xctest/PlugIns --scan-folder /Users/victorsamir/Library/Developer/Xcode/DerivedData/Money-gejdruvrzmbeckhfjgdiljhvstqq/Build/Products/Debug-iphonesimulator/Money.app/PlugIns/MoneyTests.xctest/SystemExtensions --scan-folder /Users/victorsamir/Library/Developer/Xcode/DerivedData/Money-gejdruvrzmbeckhfjgdiljhvstqq/Build/Products/Debug-iphonesimulator/Money.app/PlugIns/MoneyTests.xctest/Extensions --platform iphonesimulator --toolchain /Applications/Xcode.app/Contents/Developer/Toolchains/XcodeDefault.xctoolchain --destination /Users/victorsamir/Library/Developer/Xcode/DerivedData/Money-gejdruvrzmbeckhfjgdiljhvstqq/Build/Products/Debug-iphonesimulator/Money.app/PlugIns/MoneyTests.xctest/Frameworks --strip-bitcode --scan-executable /Applications/Xcode.app/Contents/Developer/Platforms/iPhoneSimulator.platform/Developer/usr/lib/libXCTestSwiftSupport.dylib --strip-bitcode-tool /Applications/Xcode.app/Contents/Developer/Toolchains/XcodeDefault.xctoolchain/usr/bin/bitcode_strip --emit-dependency-info /Users/victorsamir/Library/Developer/Xcode/DerivedData/Money-gejdruvrzmbeckhfjgdiljhvstqq/Build/Intermediates.noindex/Money.build/Debug-iphonesimulator/MoneyTests.build/SwiftStdLibToolInputDependencies.dep --filter-for-swift-os

ExtractAppIntentsMetadata (in target 'MoneyTests' from project 'Money')
    cd /Users/victorsamir/Documents/Money
    /Applications/Xcode.app/Contents/Developer/Toolchains/XcodeDefault.xctoolchain/usr/bin/appintentsmetadataprocessor --toolchain-dir /Applications/Xcode.app/Contents/Developer/Toolchains/XcodeDefault.xctoolchain --module-name MoneyTests --sdk-root /Applications/Xcode.app/Contents/Developer/Platforms/iPhoneSimulator.platform/Developer/SDKs/iPhoneSimulator26.2.sdk --xcode-version 17C52 --platform-family iOS --deployment-target 26.0 --bundle-identifier victor-samir.MoneyTests --output /Users/victorsamir/Library/Developer/Xcode/DerivedData/Money-gejdruvrzmbeckhfjgdiljhvstqq/Build/Products/Debug-iphonesimulator/Money.app/PlugIns/MoneyTests.xctest --target-triple arm64-apple-ios26.0-simulator --binary-file /Users/victorsamir/Library/Developer/Xcode/DerivedData/Money-gejdruvrzmbeckhfjgdiljhvstqq/Build/Products/Debug-iphonesimulator/Money.app/PlugIns/MoneyTests.xctest/MoneyTests --dependency-file /Users/victorsamir/Library/Developer/Xcode/DerivedData/Money-gejdruvrzmbeckhfjgdiljhvstqq/Build/Intermediates.noindex/Money.build/Debug-iphonesimulator/MoneyTests.build/Objects-normal/arm64/MoneyTests_dependency_info.dat --stringsdata-file /Users/victorsamir/Library/Developer/Xcode/DerivedData/Money-gejdruvrzmbeckhfjgdiljhvstqq/Build/Intermediates.noindex/Money.build/Debug-iphonesimulator/MoneyTests.build/Objects-normal/arm64/ExtractedAppShortcutsMetadata.stringsdata --source-file-list /Users/victorsamir/Library/Developer/Xcode/DerivedData/Money-gejdruvrzmbeckhfjgdiljhvstqq/Build/Intermediates.noindex/Money.build/Debug-iphonesimulator/MoneyTests.build/Objects-normal/arm64/MoneyTests.SwiftFileList --metadata-file-list /Users/victorsamir/Library/Developer/Xcode/DerivedData/Money-gejdruvrzmbeckhfjgdiljhvstqq/Build/Intermediates.noindex/Money.build/Debug-iphonesimulator/MoneyTests.build/MoneyTests.DependencyMetadataFileList --static-metadata-file-list /Users/victorsamir/Library/Developer/Xcode/DerivedData/Money-gejdruvrzmbeckhfjgdiljhvstqq/Build/Intermediates.noindex/Money.build/Debug-iphonesimulator/MoneyTests.build/MoneyTests.DependencyStaticMetadataFileList --swift-const-vals-list /Users/victorsamir/Library/Developer/Xcode/DerivedData/Money-gejdruvrzmbeckhfjgdiljhvstqq/Build/Intermediates.noindex/Money.build/Debug-iphonesimulator/MoneyTests.build/Objects-normal/arm64/MoneyTests.SwiftConstValuesFileList --compile-time-extraction --deployment-aware-processing --validate-assistant-intents --no-app-shortcuts-localization
2026-01-22 23:48:06.654 appintentsmetadataprocessor[60962:916238] Starting appintentsmetadataprocessor export
2026-01-22 23:48:06.720 appintentsmetadataprocessor[60962:916238] Extracted no relevant App Intents symbols, skipping writing output

CodeSign /Users/victorsamir/Library/Developer/Xcode/DerivedData/Money-gejdruvrzmbeckhfjgdiljhvstqq/Build/Products/Debug-iphonesimulator/Money.app/PlugIns/MoneyTests.xctest (in target 'MoneyTests' from project 'Money')
    cd /Users/victorsamir/Documents/Money
    
    Signing Identity:     "Sign to Run Locally"
    
    /usr/bin/codesign --force --sign - --timestamp\=none --generate-entitlement-der /Users/victorsamir/Library/Developer/Xcode/DerivedData/Money-gejdruvrzmbeckhfjgdiljhvstqq/Build/Products/Debug-iphonesimulator/Money.app/PlugIns/MoneyTests.xctest

CodeSign /Users/victorsamir/Library/Developer/Xcode/DerivedData/Money-gejdruvrzmbeckhfjgdiljhvstqq/Build/Products/Debug-iphonesimulator/Money.app/Money.debug.dylib (in target 'Money' from project 'Money')
    cd /Users/victorsamir/Documents/Money
    
    Signing Identity:     "Sign to Run Locally"
    
    /usr/bin/codesign --force --sign - --timestamp\=none --generate-entitlement-der /Users/victorsamir/Library/Developer/Xcode/DerivedData/Money-gejdruvrzmbeckhfjgdiljhvstqq/Build/Products/Debug-iphonesimulator/Money.app/Money.debug.dylib

CodeSign /Users/victorsamir/Library/Developer/Xcode/DerivedData/Money-gejdruvrzmbeckhfjgdiljhvstqq/Build/Products/Debug-iphonesimulator/Money.app/__preview.dylib (in target 'Money' from project 'Money')
    cd /Users/victorsamir/Documents/Money
    
    Signing Identity:     "Sign to Run Locally"
    
    /usr/bin/codesign --force --sign - --timestamp\=none --generate-entitlement-der /Users/victorsamir/Library/Developer/Xcode/DerivedData/Money-gejdruvrzmbeckhfjgdiljhvstqq/Build/Products/Debug-iphonesimulator/Money.app/__preview.dylib
/Users/victorsamir/Library/Developer/Xcode/DerivedData/Money-gejdruvrzmbeckhfjgdiljhvstqq/Build/Products/Debug-iphonesimulator/Money.app/__preview.dylib: replacing existing signature

CodeSign /Users/victorsamir/Library/Developer/Xcode/DerivedData/Money-gejdruvrzmbeckhfjgdiljhvstqq/Build/Products/Debug-iphonesimulator/Money.app (in target 'Money' from project 'Money')
    cd /Users/victorsamir/Documents/Money
    
    Signing Identity:     "Sign to Run Locally"
    
    /usr/bin/codesign --force --sign - --entitlements /Users/victorsamir/Library/Developer/Xcode/DerivedData/Money-gejdruvrzmbeckhfjgdiljhvstqq/Build/Intermediates.noindex/Money.build/Debug-iphonesimulator/Money.build/Money.app.xcent --timestamp\=none --generate-entitlement-der /Users/victorsamir/Library/Developer/Xcode/DerivedData/Money-gejdruvrzmbeckhfjgdiljhvstqq/Build/Products/Debug-iphonesimulator/Money.app

Validate /Users/victorsamir/Library/Developer/Xcode/DerivedData/Money-gejdruvrzmbeckhfjgdiljhvstqq/Build/Products/Debug-iphonesimulator/Money.app (in target 'Money' from project 'Money')
    cd /Users/victorsamir/Documents/Money
    builtin-validationUtility /Users/victorsamir/Library/Developer/Xcode/DerivedData/Money-gejdruvrzmbeckhfjgdiljhvstqq/Build/Products/Debug-iphonesimulator/Money.app -shallow-bundle -infoplist-subpath Info.plist

ValidateEmbeddedBinary /Users/victorsamir/Library/Developer/Xcode/DerivedData/Money-gejdruvrzmbeckhfjgdiljhvstqq/Build/Products/Debug-iphonesimulator/Money.app/PlugIns/MoneyWidgetsExtension.appex (in target 'Money' from project 'Money')
    cd /Users/victorsamir/Documents/Money
    /Applications/Xcode.app/Contents/Developer/usr/bin/embeddedBinaryValidationUtility /Users/victorsamir/Library/Developer/Xcode/DerivedData/Money-gejdruvrzmbeckhfjgdiljhvstqq/Build/Products/Debug-iphonesimulator/Money.app/PlugIns/MoneyWidgetsExtension.appex -signing-cert - -info-plist-path /Users/victorsamir/Library/Developer/Xcode/DerivedData/Money-gejdruvrzmbeckhfjgdiljhvstqq/Build/Products/Debug-iphonesimulator/Money.app/Info.plist

ProcessInfoPlistFile /Users/victorsamir/Library/Developer/Xcode/DerivedData/Money-gejdruvrzmbeckhfjgdiljhvstqq/Build/Products/Debug-iphonesimulator/MoneyUITests-Runner.app/PlugIns/MoneyUITests.xctest/Info.plist /Users/victorsamir/Library/Developer/Xcode/DerivedData/Money-gejdruvrzmbeckhfjgdiljhvstqq/Build/Intermediates.noindex/Money.build/Debug-iphonesimulator/MoneyUITests.build/empty-MoneyUITests.plist (in target 'MoneyUITests' from project 'Money')
    cd /Users/victorsamir/Documents/Money
    builtin-infoPlistUtility /Users/victorsamir/Library/Developer/Xcode/DerivedData/Money-gejdruvrzmbeckhfjgdiljhvstqq/Build/Intermediates.noindex/Money.build/Debug-iphonesimulator/MoneyUITests.build/empty-MoneyUITests.plist -producttype com.apple.product-type.bundle.ui-testing -expandbuildsettings -format binary -platform iphonesimulator -additionalcontentfile /Users/victorsamir/Library/Developer/Xcode/DerivedData/Money-gejdruvrzmbeckhfjgdiljhvstqq/Build/Intermediates.noindex/Money.build/Debug-iphonesimulator/MoneyUITests.build/ProductTypeInfoPlistAdditions.plist -o /Users/victorsamir/Library/Developer/Xcode/DerivedData/Money-gejdruvrzmbeckhfjgdiljhvstqq/Build/Products/Debug-iphonesimulator/MoneyUITests-Runner.app/PlugIns/MoneyUITests.xctest/Info.plist

Ld /Users/victorsamir/Library/Developer/Xcode/DerivedData/Money-gejdruvrzmbeckhfjgdiljhvstqq/Build/Products/Debug-iphonesimulator/MoneyUITests-Runner.app/PlugIns/MoneyUITests.xctest/MoneyUITests normal (in target 'MoneyUITests' from project 'Money')
    cd /Users/victorsamir/Documents/Money
    /Applications/Xcode.app/Contents/Developer/Toolchains/XcodeDefault.xctoolchain/usr/bin/clang -Xlinker -reproducible -target arm64-apple-ios26.0-simulator -bundle -isysroot /Applications/Xcode.app/Contents/Developer/Platforms/iPhoneSimulator.platform/Developer/SDKs/iPhoneSimulator26.2.sdk -O0 -L/Users/victorsamir/Library/Developer/Xcode/DerivedData/Money-gejdruvrzmbeckhfjgdiljhvstqq/Build/Intermediates.noindex/EagerLinkingTBDs/Debug-iphonesimulator -L/Users/victorsamir/Library/Developer/Xcode/DerivedData/Money-gejdruvrzmbeckhfjgdiljhvstqq/Build/Products/Debug-iphonesimulator -L/Applications/Xcode.app/Contents/Developer/Platforms/iPhoneSimulator.platform/Developer/usr/lib -F/Users/victorsamir/Library/Developer/Xcode/DerivedData/Money-gejdruvrzmbeckhfjgdiljhvstqq/Build/Intermediates.noindex/EagerLinkingTBDs/Debug-iphonesimulator -F/Users/victorsamir/Library/Developer/Xcode/DerivedData/Money-gejdruvrzmbeckhfjgdiljhvstqq/Build/Products/Debug-iphonesimulator -iframework /Applications/Xcode.app/Contents/Developer/Platforms/iPhoneSimulator.platform/Developer/Library/Frameworks -iframework /Applications/Xcode.app/Contents/Developer/Platforms/iPhoneSimulator.platform/Developer/SDKs/iPhoneSimulator26.2.sdk/Developer/Library/Frameworks -filelist /Users/victorsamir/Library/Developer/Xcode/DerivedData/Money-gejdruvrzmbeckhfjgdiljhvstqq/Build/Intermediates.noindex/Money.build/Debug-iphonesimulator/MoneyUITests.build/Objects-normal/arm64/MoneyUITests.LinkFileList -Xlinker -rpath -Xlinker @loader_path/Frameworks -dead_strip -Xlinker -object_path_lto -Xlinker /Users/victorsamir/Library/Developer/Xcode/DerivedData/Money-gejdruvrzmbeckhfjgdiljhvstqq/Build/Intermediates.noindex/Money.build/Debug-iphonesimulator/MoneyUITests.build/Objects-normal/arm64/MoneyUITests_lto.o -rdynamic -Xlinker -no_deduplicate -Xlinker -objc_abi_version -Xlinker 2 -Xlinker -debug_variant -Xlinker -dependency_info -Xlinker /Users/victorsamir/Library/Developer/Xcode/DerivedData/Money-gejdruvrzmbeckhfjgdiljhvstqq/Build/Intermediates.noindex/Money.build/Debug-iphonesimulator/MoneyUITests.build/Objects-normal/arm64/MoneyUITests_dependency_info.dat -fobjc-link-runtime -fprofile-instr-generate -L/Applications/Xcode.app/Contents/Developer/Toolchains/XcodeDefault.xctoolchain/usr/lib/swift/iphonesimulator -L/usr/lib/swift -Xlinker -add_ast_path -Xlinker /Users/victorsamir/Library/Developer/Xcode/DerivedData/Money-gejdruvrzmbeckhfjgdiljhvstqq/Build/Intermediates.noindex/Money.build/Debug-iphonesimulator/MoneyUITests.build/Objects-normal/arm64/MoneyUITests.swiftmodule @/Users/victorsamir/Library/Developer/Xcode/DerivedData/Money-gejdruvrzmbeckhfjgdiljhvstqq/Build/Intermediates.noindex/Money.build/Debug-iphonesimulator/MoneyUITests.build/Objects-normal/arm64/MoneyUITests-linker-args.resp -Xlinker -needed_framework -Xlinker XCTest -framework XCTest -Xlinker -needed-lXCTestSwiftSupport -lXCTestSwiftSupport -Xlinker -sectcreate -Xlinker __TEXT -Xlinker __entitlements -Xlinker /Users/victorsamir/Library/Developer/Xcode/DerivedData/Money-gejdruvrzmbeckhfjgdiljhvstqq/Build/Intermediates.noindex/Money.build/Debug-iphonesimulator/MoneyUITests.build/MoneyUITests.xctest-Simulated.xcent -Xlinker -sectcreate -Xlinker __TEXT -Xlinker __ents_der -Xlinker /Users/victorsamir/Library/Developer/Xcode/DerivedData/Money-gejdruvrzmbeckhfjgdiljhvstqq/Build/Intermediates.noindex/Money.build/Debug-iphonesimulator/MoneyUITests.build/MoneyUITests.xctest-Simulated.xcent.der -Xlinker -no_adhoc_codesign -o /Users/victorsamir/Library/Developer/Xcode/DerivedData/Money-gejdruvrzmbeckhfjgdiljhvstqq/Build/Products/Debug-iphonesimulator/MoneyUITests-Runner.app/PlugIns/MoneyUITests.xctest/MoneyUITests

ExtractAppIntentsMetadata (in target 'MoneyUITests' from project 'Money')
    cd /Users/victorsamir/Documents/Money
    /Applications/Xcode.app/Contents/Developer/Toolchains/XcodeDefault.xctoolchain/usr/bin/appintentsmetadataprocessor --toolchain-dir /Applications/Xcode.app/Contents/Developer/Toolchains/XcodeDefault.xctoolchain --module-name MoneyUITests --sdk-root /Applications/Xcode.app/Contents/Developer/Platforms/iPhoneSimulator.platform/Developer/SDKs/iPhoneSimulator26.2.sdk --xcode-version 17C52 --platform-family iOS --deployment-target 26.0 --bundle-identifier victor-samir.MoneyUITests --output /Users/victorsamir/Library/Developer/Xcode/DerivedData/Money-gejdruvrzmbeckhfjgdiljhvstqq/Build/Products/Debug-iphonesimulator/MoneyUITests-Runner.app/PlugIns/MoneyUITests.xctest --target-triple arm64-apple-ios26.0-simulator --binary-file /Users/victorsamir/Library/Developer/Xcode/DerivedData/Money-gejdruvrzmbeckhfjgdiljhvstqq/Build/Products/Debug-iphonesimulator/MoneyUITests-Runner.app/PlugIns/MoneyUITests.xctest/MoneyUITests --dependency-file /Users/victorsamir/Library/Developer/Xcode/DerivedData/Money-gejdruvrzmbeckhfjgdiljhvstqq/Build/Intermediates.noindex/Money.build/Debug-iphonesimulator/MoneyUITests.build/Objects-normal/arm64/MoneyUITests_dependency_info.dat --stringsdata-file /Users/victorsamir/Library/Developer/Xcode/DerivedData/Money-gejdruvrzmbeckhfjgdiljhvstqq/Build/Intermediates.noindex/Money.build/Debug-iphonesimulator/MoneyUITests.build/Objects-normal/arm64/ExtractedAppShortcutsMetadata.stringsdata --source-file-list /Users/victorsamir/Library/Developer/Xcode/DerivedData/Money-gejdruvrzmbeckhfjgdiljhvstqq/Build/Intermediates.noindex/Money.build/Debug-iphonesimulator/MoneyUITests.build/Objects-normal/arm64/MoneyUITests.SwiftFileList --metadata-file-list /Users/victorsamir/Library/Developer/Xcode/DerivedData/Money-gejdruvrzmbeckhfjgdiljhvstqq/Build/Intermediates.noindex/Money.build/Debug-iphonesimulator/MoneyUITests.build/MoneyUITests.DependencyMetadataFileList --static-metadata-file-list /Users/victorsamir/Library/Developer/Xcode/DerivedData/Money-gejdruvrzmbeckhfjgdiljhvstqq/Build/Intermediates.noindex/Money.build/Debug-iphonesimulator/MoneyUITests.build/MoneyUITests.DependencyStaticMetadataFileList --swift-const-vals-list /Users/victorsamir/Library/Developer/Xcode/DerivedData/Money-gejdruvrzmbeckhfjgdiljhvstqq/Build/Intermediates.noindex/Money.build/Debug-iphonesimulator/MoneyUITests.build/Objects-normal/arm64/MoneyUITests.SwiftConstValuesFileList --compile-time-extraction --deployment-aware-processing --validate-assistant-intents --no-app-shortcuts-localization
2026-01-22 23:48:07.273 appintentsmetadataprocessor[60970:916301] Starting appintentsmetadataprocessor export
2026-01-22 23:48:07.274 appintentsmetadataprocessor[60970:916301] warning: Metadata extraction skipped. No AppIntents.framework dependency found.

CopySwiftLibs /Users/victorsamir/Library/Developer/Xcode/DerivedData/Money-gejdruvrzmbeckhfjgdiljhvstqq/Build/Products/Debug-iphonesimulator/MoneyUITests-Runner.app/PlugIns/MoneyUITests.xctest (in target 'MoneyUITests' from project 'Money')
    cd /Users/victorsamir/Documents/Money
    builtin-swiftStdLibTool --copy --verbose --sign - --scan-executable /Users/victorsamir/Library/Developer/Xcode/DerivedData/Money-gejdruvrzmbeckhfjgdiljhvstqq/Build/Products/Debug-iphonesimulator/MoneyUITests-Runner.app/PlugIns/MoneyUITests.xctest/MoneyUITests --scan-folder /Users/victorsamir/Library/Developer/Xcode/DerivedData/Money-gejdruvrzmbeckhfjgdiljhvstqq/Build/Products/Debug-iphonesimulator/MoneyUITests-Runner.app/PlugIns/MoneyUITests.xctest/Frameworks --scan-folder /Users/victorsamir/Library/Developer/Xcode/DerivedData/Money-gejdruvrzmbeckhfjgdiljhvstqq/Build/Products/Debug-iphonesimulator/MoneyUITests-Runner.app/PlugIns/MoneyUITests.xctest/PlugIns --scan-folder /Users/victorsamir/Library/Developer/Xcode/DerivedData/Money-gejdruvrzmbeckhfjgdiljhvstqq/Build/Products/Debug-iphonesimulator/MoneyUITests-Runner.app/PlugIns/MoneyUITests.xctest/SystemExtensions --scan-folder /Users/victorsamir/Library/Developer/Xcode/DerivedData/Money-gejdruvrzmbeckhfjgdiljhvstqq/Build/Products/Debug-iphonesimulator/MoneyUITests-Runner.app/PlugIns/MoneyUITests.xctest/Extensions --platform iphonesimulator --toolchain /Applications/Xcode.app/Contents/Developer/Toolchains/XcodeDefault.xctoolchain --destination /Users/victorsamir/Library/Developer/Xcode/DerivedData/Money-gejdruvrzmbeckhfjgdiljhvstqq/Build/Products/Debug-iphonesimulator/MoneyUITests-Runner.app/PlugIns/MoneyUITests.xctest/Frameworks --strip-bitcode --scan-executable /Applications/Xcode.app/Contents/Developer/Platforms/iPhoneSimulator.platform/Developer/usr/lib/libXCTestSwiftSupport.dylib --strip-bitcode-tool /Applications/Xcode.app/Contents/Developer/Toolchains/XcodeDefault.xctoolchain/usr/bin/bitcode_strip --emit-dependency-info /Users/victorsamir/Library/Developer/Xcode/DerivedData/Money-gejdruvrzmbeckhfjgdiljhvstqq/Build/Intermediates.noindex/Money.build/Debug-iphonesimulator/MoneyUITests.build/SwiftStdLibToolInputDependencies.dep --filter-for-swift-os

CodeSign /Users/victorsamir/Library/Developer/Xcode/DerivedData/Money-gejdruvrzmbeckhfjgdiljhvstqq/Build/Products/Debug-iphonesimulator/MoneyUITests-Runner.app/PlugIns/MoneyUITests.xctest (in target 'MoneyUITests' from project 'Money')
    cd /Users/victorsamir/Documents/Money
    
    Signing Identity:     "Sign to Run Locally"
    
    /usr/bin/codesign --force --sign - --timestamp\=none --generate-entitlement-der /Users/victorsamir/Library/Developer/Xcode/DerivedData/Money-gejdruvrzmbeckhfjgdiljhvstqq/Build/Products/Debug-iphonesimulator/MoneyUITests-Runner.app/PlugIns/MoneyUITests.xctest

warning: Skipping duplicate build file in Compile Sources build phase: /Users/victorsamir/Documents/Money/Money/Presentation/Analytics/HistoricalAnalysisScene.swift (in target 'Money' from project 'Money')
warning: Skipping duplicate build file in Compile Sources build phase: /Users/victorsamir/Documents/Money/Money/Presentation/Analytics/HistoricalAnalysisViewModel.swift (in target 'Money' from project 'Money')
warning: Skipping duplicate build file in Compile Sources build phase: /Users/victorsamir/Documents/Money/Money/Presentation/Analytics/Components/TrendChart.swift (in target 'Money' from project 'Money')
warning: Skipping duplicate build file in Compile Sources build phase: /Users/victorsamir/Documents/Money/Money/Presentation/Analytics/Components/ScenarioCard.swift (in target 'Money' from project 'Money')
warning: Skipping duplicate build file in Compile Sources build phase: /Users/victorsamir/Documents/Money/Money/Core/Services/HistoricalAggregator.swift (in target 'Money' from project 'Money')
warning: Skipping duplicate build file in Compile Sources build phase: /Users/victorsamir/Documents/Money/Money/Core/Services/CashFlowProjector.swift (in target 'Money' from project 'Money')
warning: Skipping duplicate build file in Compile Sources build phase: /Users/victorsamir/Documents/Money/Money/Core/Models/AnalyticsModels.swift (in target 'Money' from project 'Money')
2026-01-22 23:48:26.371 xcodebuild[60930:915980] [MT] IDETestOperationsObserverDebug: 19.083 elapsed -- Testing started completed.
2026-01-22 23:48:26.371 xcodebuild[60930:915980] [MT] IDETestOperationsObserverDebug: 0.000 sec, +0.000 sec -- start
2026-01-22 23:48:26.371 xcodebuild[60930:915980] [MT] IDETestOperationsObserverDebug: 19.083 sec, +19.083 sec -- end

Test session results, code coverage, and logs:
	/Users/victorsamir/Library/Developer/Xcode/DerivedData/Money-gejdruvrzmbeckhfjgdiljhvstqq/Logs/Test/Test-Money-2026.01.22_23-48-05--0300.xcresult

** TEST SUCCEEDED **

Testing started
Test suite 'DashboardViewModelTests' started on 'Clone 1 of iPhone 17 - Money (61166)'
Test case 'DashboardViewModelTests/loadsOverdueAndUpcoming()' passed on 'Clone 1 of iPhone 17 - Money (61166)' (0.000 seconds)
Test case 'DashboardViewModelTests/includesSalaryInAvailableCalculation()' passed on 'Clone 1 of iPhone 17 - Money (61166)' (0.000 seconds)
Test case 'DashboardViewModelTests/calculatesFixedExpensesCorrectly()' passed on 'Clone 1 of iPhone 17 - Money (61166)' (0.000 seconds)
Test case 'DashboardViewModelTests/includesVariableTransactionsInSummary()' passed on 'Clone 1 of iPhone 17 - Money (61166)' (0.000 seconds)
Test case 'DashboardViewModelTests/clearingDataResetsDashboardState()' passed on 'Clone 1 of iPhone 17 - Money (61166)' (0.000 seconds)
Test suite 'DashboardViewModelTests' started on 'Clone 1 of iPhone 17 - Money (61166)'
Test case 'DashboardViewModelTests/includesVariableTransactionsInSummary()' passed on 'Clone 1 of iPhone 17 - Money (61166)' (0.000 seconds)
Test case 'DashboardViewModelTests/calculatesFixedExpensesCorrectly()' passed on 'Clone 1 of iPhone 17 - Money (61166)' (0.000 seconds)
Test case 'DashboardViewModelTests/clearingDataResetsDashboardState()' passed on 'Clone 1 of iPhone 17 - Money (61166)' (0.000 seconds)
Test case 'DashboardViewModelTests/includesSalaryInAvailableCalculation()' passed on 'Clone 1 of iPhone 17 - Money (61166)' (0.000 seconds)
Test case 'DashboardViewModelTests/loadsOverdueAndUpcoming()' passed on 'Clone 1 of iPhone 17 - Money (61166)' (0.000 seconds)
